---
source: basiliq/src/serve/tests/requests/select/related/normal.rs
expression: res

---
{
  "jsonapi": {
    "version": "1.0"
  },
  "data": [
    {
      "type": "public__articles",
      "id": "fdf715dd-8772-498c-8196-6f4ccb64edef",
      "attributes": {
        "body": "Yes",
        "title": "How to dead"
      }
    },
    {
      "type": "public__articles",
      "id": "2dbf5d1a-b029-4456-af6b-339c75b1089c",
      "attributes": {
        "body": "Yeah I know ! Right ?!",
        "title": "Oh my g**"
      }
    }
  ]
}
