---
source: basiliq/src/serve/tests/requests/create/relationships.rs
expression: res

---
{
  "jsonapi": {
    "version": "1.0"
  },
  "data": {
    "type": "public__articles",
    "id": "[uuid]",
    "attributes": {
      "body": "Holaaaaaaaaaaaaaaaaaaaaaaaaaaaaaaaaaaaaaaaaaaa",
      "title": "Hallo!"
    }
  }
}
