---
source: basiliq/src/serve/tests/requests/create/normal.rs
expression: res

---
{
  "jsonapi": {
    "version": "1.0"
  },
  "data": {
    "type": "public__peoples",
    "id": "[uuid]",
    "attributes": {
      "age": null,
      "first-name": "Francis",
      "gender": null,
      "last-name": "it's me",
      "twitter": null
    }
  }
}
